// Jest Snapshot v1, https://goo.gl/fbAQLP

exports[`App Component renders without crashing 1`] = `
<div>
  <header
    class="sc-bdVaJa cdOnQX"
  >
    <h1
      class="sc-bxivhb dldbYM"
    >
      🐶
    </h1>
    <button
      disabled=""
    >
      Dog Search
    </button>
    <button>
      Cat Search
    </button>
  </header>
  <main
    class="sc-bwzfXH nyjhc"
  >
    <div />
    <div />
  </main>
  <footer
    class="sc-htpNat hgoBZN"
  >
    <div />
  </footer>
</div>
`;
