// Jest Snapshot v1, https://goo.gl/fbAQLP

exports[`Gallery Component renders an image element for each element in the data array 1`] = `
<div
  class="sc-bxivhb hvqdZv"
>
  <div
    class="sc-bdVaJa kiUbly"
  >
    <div
      class="sc-bwzfXH djLAoA"
    >
      <img
        class="sc-htpNat jtiZZo"
        src="https://enda.ie/filename-01.gif"
      />
    </div>
  </div>
  <div
    class="sc-bdVaJa kiUbly"
  >
    <div
      class="sc-bwzfXH djLAoA"
    >
      <img
        class="sc-htpNat jtiZZo"
        src="https://enda.ie/filename-02.gif"
      />
    </div>
  </div>
</div>
`;

exports[`Gallery Component renders no image elements when data is empty 1`] = `
<div
  class="sc-bxivhb hvqdZv"
/>
`;
