// Jest Snapshot v1, https://goo.gl/fbAQLP

exports[`Modal Component renders the original video when a media object is provided 1`] = `
<div
  class="sc-bdVaJa bTLkfg"
>
  <img
    class="sc-bwzfXH PoSZD"
    src="close-icon.svg"
  />
  <video
    autoplay=""
    class="sc-htpNat euTtpZ"
    loop=""
    playsinline=""
    src="https://enda.ie/filename-01.mp4"
  />
</div>
`;
