// Jest Snapshot v1, https://goo.gl/fbAQLP

exports[`Navigation Component should render in the cat state 1`] = `
<div>
  <h1
    class="sc-bdVaJa hMOmBt"
  >
    🐱
  </h1>
  <button
    class="sc-bwzfXH bwQeco"
  >
    Dog Search
  </button>
  <button
    class="sc-bwzfXH bwQeco"
    disabled=""
  >
    Cat Search
  </button>
</div>
`;

exports[`Navigation Component should render in the dog state 1`] = `
<div>
  <h1
    class="sc-bdVaJa hMOmBt"
  >
    🐶
  </h1>
  <button
    class="sc-bwzfXH bwQeco"
    disabled=""
  >
    Dog Search
  </button>
  <button
    class="sc-bwzfXH bwQeco"
  >
    Cat Search
  </button>
</div>
`;
