// Jest Snapshot v1, https://goo.gl/fbAQLP

exports[`renders the original video when a media object is provided 1`] = `
<div>
  <div
    class="sc-bdVaJa eVvdxU"
  >
    <img
      class="sc-bwzfXH PoSZD"
      src="close-icon.svg"
    />
    <video
      class="sc-htpNat fdswIX"
      loop=""
      autoplay=""
      src="https://enda.ie/filename-01.mp4"
    />
  </div>
</div>
`;
